| 3 | 4 | 5 |
| 4 | 3 | 5 |
| 6 | 8 | 10 |
| 8 | 6 | 10 |
