WARNING: Unused predicate getFibPredicate (/Users/annarailton/projects/learning-codeql/codeql-learning-javascript/src/01_tutorials/Exercise6.ql:4,5-20)
| 0 | 1 |
| 1 | 1 |
| 2 | 2 |
| 3 | 3 |
| 4 | 5 |
| 5 | 8 |
| 6 | 13 |
| 7 | 21 |
| 8 | 34 |
| 9 | 55 |
